Archive member included to satisfy reference by file (symbol)

c:/program files (x86)/atmel/studio/7.0/toolchain/avr8/avr8-gnu-toolchain/bin/../lib/gcc/avr/5.4.0/avr5\libgcc.a(_udivmodsi4.o)
                              HAL/SSD_Driver/SSD.o (__udivmodsi4)
c:/program files (x86)/atmel/studio/7.0/toolchain/avr8/avr8-gnu-toolchain/bin/../lib/gcc/avr/5.4.0/avr5\libgcc.a(_exit.o)
                              C:/Program Files (x86)/Atmel/Studio/7.0/Packs/atmel/ATmega_DFP/1.7.374/gcc/dev/atmega32/avr5/crtatmega32.o (exit)
c:/program files (x86)/atmel/studio/7.0/toolchain/avr8/avr8-gnu-toolchain/bin/../lib/gcc/avr/5.4.0/avr5\libgcc.a(_tablejump2.o)
                              HAL/SSD_Driver/SSD.o (__tablejump2__)
c:/program files (x86)/atmel/studio/7.0/toolchain/avr8/avr8-gnu-toolchain/bin/../lib/gcc/avr/5.4.0/avr5\libgcc.a(_copy_data.o)
                              HAL/LED_Driver/LED_cfg.o (__do_copy_data)
c:/program files (x86)/atmel/studio/7.0/toolchain/avr8/avr8-gnu-toolchain/bin/../lib/gcc/avr/5.4.0/avr5\libgcc.a(_clear_bss.o)
                              APP/Timer.o (__do_clear_bss)

Discarded input sections

 .data          0x00000000        0x0 C:/Program Files (x86)/Atmel/Studio/7.0/Packs/atmel/ATmega_DFP/1.7.374/gcc/dev/atmega32/avr5/crtatmega32.o
 .bss           0x00000000        0x0 C:/Program Files (x86)/Atmel/Studio/7.0/Packs/atmel/ATmega_DFP/1.7.374/gcc/dev/atmega32/avr5/crtatmega32.o
 .text          0x00000000        0x0 APP/main.o
 .data          0x00000000        0x0 APP/main.o
 .bss           0x00000000        0x0 APP/main.o
 .text          0x00000000        0x0 APP/Timer.o
 .data          0x00000000        0x0 APP/Timer.o
 .bss           0x00000000        0x0 APP/Timer.o
 .text.Start_Timer
                0x00000000       0xa8 APP/Timer.o
 .bss.TIMER_u8SwitchFlag
                0x00000000        0x1 APP/Timer.o
 .bss.TIMER_u8ThirdSevSegcounter
                0x00000000        0x1 APP/Timer.o
 .text          0x00000000        0x0 HAL/LED_Driver/LED.o
 .data          0x00000000        0x0 HAL/LED_Driver/LED.o
 .bss           0x00000000        0x0 HAL/LED_Driver/LED.o
 .text.LED_voidInit
                0x00000000      0x126 HAL/LED_Driver/LED.o
 .text.LED_enumSetLedState
                0x00000000       0xd2 HAL/LED_Driver/LED.o
 .debug_info    0x00000000      0x384 HAL/LED_Driver/LED.o
 .debug_abbrev  0x00000000      0x145 HAL/LED_Driver/LED.o
 .debug_loc     0x00000000      0x209 HAL/LED_Driver/LED.o
 .debug_aranges
                0x00000000       0x28 HAL/LED_Driver/LED.o
 .debug_ranges  0x00000000       0x18 HAL/LED_Driver/LED.o
 .debug_line    0x00000000      0x1e0 HAL/LED_Driver/LED.o
 .debug_str     0x00000000      0x476 HAL/LED_Driver/LED.o
 .comment       0x00000000       0x31 HAL/LED_Driver/LED.o
 .debug_frame   0x00000000       0x44 HAL/LED_Driver/LED.o
 .text          0x00000000        0x0 HAL/LED_Driver/LED_cfg.o
 .data          0x00000000        0x0 HAL/LED_Driver/LED_cfg.o
 .bss           0x00000000        0x0 HAL/LED_Driver/LED_cfg.o
 .data.LED_strLedArrCfg
                0x00000000        0x8 HAL/LED_Driver/LED_cfg.o
 .debug_info    0x00000000      0x18b HAL/LED_Driver/LED_cfg.o
 .debug_abbrev  0x00000000       0x8e HAL/LED_Driver/LED_cfg.o
 .debug_aranges
                0x00000000       0x18 HAL/LED_Driver/LED_cfg.o
 .debug_line    0x00000000       0x77 HAL/LED_Driver/LED_cfg.o
 .debug_str     0x00000000      0x2f0 HAL/LED_Driver/LED_cfg.o
 .comment       0x00000000       0x31 HAL/LED_Driver/LED_cfg.o
 .text          0x00000000        0x0 HAL/SSD_Driver/SSD.o
 .data          0x00000000        0x0 HAL/SSD_Driver/SSD.o
 .bss           0x00000000        0x0 HAL/SSD_Driver/SSD.o
 .text.SSD_u8CountDigits
                0x00000000       0x28 HAL/SSD_Driver/SSD.o
 .text.SSD_enumSetValueToAll
                0x00000000       0x98 HAL/SSD_Driver/SSD.o
 .text          0x00000000        0x0 HAL/SSD_Driver/SSD_cfg.o
 .data          0x00000000        0x0 HAL/SSD_Driver/SSD_cfg.o
 .bss           0x00000000        0x0 HAL/SSD_Driver/SSD_cfg.o
 .text          0x00000000        0x0 HAL/SWITCH_Driver/SWITCH.o
 .data          0x00000000        0x0 HAL/SWITCH_Driver/SWITCH.o
 .bss           0x00000000        0x0 HAL/SWITCH_Driver/SWITCH.o
 .text          0x00000000        0x0 HAL/SWITCH_Driver/SWITCH_cfg.o
 .data          0x00000000        0x0 HAL/SWITCH_Driver/SWITCH_cfg.o
 .bss           0x00000000        0x0 HAL/SWITCH_Driver/SWITCH_cfg.o
 .text          0x00000000        0x0 MCAL/DIO_Driver/DIO.o
 .data          0x00000000        0x0 MCAL/DIO_Driver/DIO.o
 .bss           0x00000000        0x0 MCAL/DIO_Driver/DIO.o
 .text.DIO_enumSetPort
                0x00000000       0x74 MCAL/DIO_Driver/DIO.o
 .text.DIO_enumSetPortConfig
                0x00000000       0xd0 MCAL/DIO_Driver/DIO.o
 .text.DIO_enumSetPinConfig
                0x00000000      0x1e6 MCAL/DIO_Driver/DIO.o
 .text          0x00000000        0x0 MCAL/EXTI_Driver/EXTI.o
 .data          0x00000000        0x0 MCAL/EXTI_Driver/EXTI.o
 .bss           0x00000000        0x0 MCAL/EXTI_Driver/EXTI.o
 .text.EXTI2_voidSetCallBack
                0x00000000        0xa MCAL/EXTI_Driver/EXTI.o
 .text          0x00000000        0x0 MCAL/PORT_Driver/PORT.o
 .data          0x00000000        0x0 MCAL/PORT_Driver/PORT.o
 .bss           0x00000000        0x0 MCAL/PORT_Driver/PORT.o
 .text.PORT_voidInit
                0x00000000      0x298 MCAL/PORT_Driver/PORT.o
 .debug_info    0x00000000      0x144 MCAL/PORT_Driver/PORT.o
 .debug_abbrev  0x00000000       0xb7 MCAL/PORT_Driver/PORT.o
 .debug_loc     0x00000000      0x251 MCAL/PORT_Driver/PORT.o
 .debug_aranges
                0x00000000       0x20 MCAL/PORT_Driver/PORT.o
 .debug_ranges  0x00000000       0x10 MCAL/PORT_Driver/PORT.o
 .debug_line    0x00000000      0x1f6 MCAL/PORT_Driver/PORT.o
 .debug_str     0x00000000      0x26d MCAL/PORT_Driver/PORT.o
 .comment       0x00000000       0x31 MCAL/PORT_Driver/PORT.o
 .debug_frame   0x00000000       0x24 MCAL/PORT_Driver/PORT.o
 .text          0x00000000        0x0 MCAL/PORT_Driver/PORT_cfg.o
 .data          0x00000000        0x0 MCAL/PORT_Driver/PORT_cfg.o
 .bss           0x00000000        0x0 MCAL/PORT_Driver/PORT_cfg.o
 .data.PORT_enumPinCfg
                0x00000000       0x20 MCAL/PORT_Driver/PORT_cfg.o
 .debug_info    0x00000000       0x7e MCAL/PORT_Driver/PORT_cfg.o
 .debug_abbrev  0x00000000       0x63 MCAL/PORT_Driver/PORT_cfg.o
 .debug_aranges
                0x00000000       0x18 MCAL/PORT_Driver/PORT_cfg.o
 .debug_line    0x00000000       0x4a MCAL/PORT_Driver/PORT_cfg.o
 .debug_str     0x00000000      0x1bb MCAL/PORT_Driver/PORT_cfg.o
 .comment       0x00000000       0x31 MCAL/PORT_Driver/PORT_cfg.o
 .text          0x00000000        0x0 c:/program files (x86)/atmel/studio/7.0/toolchain/avr8/avr8-gnu-toolchain/bin/../lib/gcc/avr/5.4.0/avr5\libgcc.a(_udivmodsi4.o)
 .data          0x00000000        0x0 c:/program files (x86)/atmel/studio/7.0/toolchain/avr8/avr8-gnu-toolchain/bin/../lib/gcc/avr/5.4.0/avr5\libgcc.a(_udivmodsi4.o)
 .bss           0x00000000        0x0 c:/program files (x86)/atmel/studio/7.0/toolchain/avr8/avr8-gnu-toolchain/bin/../lib/gcc/avr/5.4.0/avr5\libgcc.a(_udivmodsi4.o)
 .text.libgcc.mul
                0x00000000        0x0 c:/program files (x86)/atmel/studio/7.0/toolchain/avr8/avr8-gnu-toolchain/bin/../lib/gcc/avr/5.4.0/avr5\libgcc.a(_udivmodsi4.o)
 .text.libgcc.div
                0x00000000       0x44 c:/program files (x86)/atmel/studio/7.0/toolchain/avr8/avr8-gnu-toolchain/bin/../lib/gcc/avr/5.4.0/avr5\libgcc.a(_udivmodsi4.o)
 .text.libgcc   0x00000000        0x0 c:/program files (x86)/atmel/studio/7.0/toolchain/avr8/avr8-gnu-toolchain/bin/../lib/gcc/avr/5.4.0/avr5\libgcc.a(_udivmodsi4.o)
 .text.libgcc.prologue
                0x00000000        0x0 c:/program files (x86)/atmel/studio/7.0/toolchain/avr8/avr8-gnu-toolchain/bin/../lib/gcc/avr/5.4.0/avr5\libgcc.a(_udivmodsi4.o)
 .text.libgcc.builtins
                0x00000000        0x0 c:/program files (x86)/atmel/studio/7.0/toolchain/avr8/avr8-gnu-toolchain/bin/../lib/gcc/avr/5.4.0/avr5\libgcc.a(_udivmodsi4.o)
 .text.libgcc.fmul
                0x00000000        0x0 c:/program files (x86)/atmel/studio/7.0/toolchain/avr8/avr8-gnu-toolchain/bin/../lib/gcc/avr/5.4.0/avr5\libgcc.a(_udivmodsi4.o)
 .text.libgcc.fixed
                0x00000000        0x0 c:/program files (x86)/atmel/studio/7.0/toolchain/avr8/avr8-gnu-toolchain/bin/../lib/gcc/avr/5.4.0/avr5\libgcc.a(_udivmodsi4.o)
 .text          0x00000000        0x0 c:/program files (x86)/atmel/studio/7.0/toolchain/avr8/avr8-gnu-toolchain/bin/../lib/gcc/avr/5.4.0/avr5\libgcc.a(_exit.o)
 .data          0x00000000        0x0 c:/program files (x86)/atmel/studio/7.0/toolchain/avr8/avr8-gnu-toolchain/bin/../lib/gcc/avr/5.4.0/avr5\libgcc.a(_exit.o)
 .bss           0x00000000        0x0 c:/program files (x86)/atmel/studio/7.0/toolchain/avr8/avr8-gnu-toolchain/bin/../lib/gcc/avr/5.4.0/avr5\libgcc.a(_exit.o)
 .text.libgcc.mul
                0x00000000        0x0 c:/program files (x86)/atmel/studio/7.0/toolchain/avr8/avr8-gnu-toolchain/bin/../lib/gcc/avr/5.4.0/avr5\libgcc.a(_exit.o)
 .text.libgcc.div
                0x00000000        0x0 c:/program files (x86)/atmel/studio/7.0/toolchain/avr8/avr8-gnu-toolchain/bin/../lib/gcc/avr/5.4.0/avr5\libgcc.a(_exit.o)
 .text.libgcc   0x00000000        0x0 c:/program files (x86)/atmel/studio/7.0/toolchain/avr8/avr8-gnu-toolchain/bin/../lib/gcc/avr/5.4.0/avr5\libgcc.a(_exit.o)
 .text.libgcc.prologue
                0x00000000        0x0 c:/program files (x86)/atmel/studio/7.0/toolchain/avr8/avr8-gnu-toolchain/bin/../lib/gcc/avr/5.4.0/avr5\libgcc.a(_exit.o)
 .text.libgcc.builtins
                0x00000000        0x0 c:/program files (x86)/atmel/studio/7.0/toolchain/avr8/avr8-gnu-toolchain/bin/../lib/gcc/avr/5.4.0/avr5\libgcc.a(_exit.o)
 .text.libgcc.fmul
                0x00000000        0x0 c:/program files (x86)/atmel/studio/7.0/toolchain/avr8/avr8-gnu-toolchain/bin/../lib/gcc/avr/5.4.0/avr5\libgcc.a(_exit.o)
 .text.libgcc.fixed
                0x00000000        0x0 c:/program files (x86)/atmel/studio/7.0/toolchain/avr8/avr8-gnu-toolchain/bin/../lib/gcc/avr/5.4.0/avr5\libgcc.a(_exit.o)
 .text          0x00000000        0x0 c:/program files (x86)/atmel/studio/7.0/toolchain/avr8/avr8-gnu-toolchain/bin/../lib/gcc/avr/5.4.0/avr5\libgcc.a(_tablejump2.o)
 .data          0x00000000        0x0 c:/program files (x86)/atmel/studio/7.0/toolchain/avr8/avr8-gnu-toolchain/bin/../lib/gcc/avr/5.4.0/avr5\libgcc.a(_tablejump2.o)
 .bss           0x00000000        0x0 c:/program files (x86)/atmel/studio/7.0/toolchain/avr8/avr8-gnu-toolchain/bin/../lib/gcc/avr/5.4.0/avr5\libgcc.a(_tablejump2.o)
 .text.libgcc.mul
                0x00000000        0x0 c:/program files (x86)/atmel/studio/7.0/toolchain/avr8/avr8-gnu-toolchain/bin/../lib/gcc/avr/5.4.0/avr5\libgcc.a(_tablejump2.o)
 .text.libgcc.div
                0x00000000        0x0 c:/program files (x86)/atmel/studio/7.0/toolchain/avr8/avr8-gnu-toolchain/bin/../lib/gcc/avr/5.4.0/avr5\libgcc.a(_tablejump2.o)
 .text.libgcc.prologue
                0x00000000        0x0 c:/program files (x86)/atmel/studio/7.0/toolchain/avr8/avr8-gnu-toolchain/bin/../lib/gcc/avr/5.4.0/avr5\libgcc.a(_tablejump2.o)
 .text.libgcc.builtins
                0x00000000        0x0 c:/program files (x86)/atmel/studio/7.0/toolchain/avr8/avr8-gnu-toolchain/bin/../lib/gcc/avr/5.4.0/avr5\libgcc.a(_tablejump2.o)
 .text.libgcc.fmul
                0x00000000        0x0 c:/program files (x86)/atmel/studio/7.0/toolchain/avr8/avr8-gnu-toolchain/bin/../lib/gcc/avr/5.4.0/avr5\libgcc.a(_tablejump2.o)
 .text.libgcc.fixed
                0x00000000        0x0 c:/program files (x86)/atmel/studio/7.0/toolchain/avr8/avr8-gnu-toolchain/bin/../lib/gcc/avr/5.4.0/avr5\libgcc.a(_tablejump2.o)
 .text          0x00000000        0x0 c:/program files (x86)/atmel/studio/7.0/toolchain/avr8/avr8-gnu-toolchain/bin/../lib/gcc/avr/5.4.0/avr5\libgcc.a(_copy_data.o)
 .data          0x00000000        0x0 c:/program files (x86)/atmel/studio/7.0/toolchain/avr8/avr8-gnu-toolchain/bin/../lib/gcc/avr/5.4.0/avr5\libgcc.a(_copy_data.o)
 .bss           0x00000000        0x0 c:/program files (x86)/atmel/studio/7.0/toolchain/avr8/avr8-gnu-toolchain/bin/../lib/gcc/avr/5.4.0/avr5\libgcc.a(_copy_data.o)
 .text.libgcc.mul
                0x00000000        0x0 c:/program files (x86)/atmel/studio/7.0/toolchain/avr8/avr8-gnu-toolchain/bin/../lib/gcc/avr/5.4.0/avr5\libgcc.a(_copy_data.o)
 .text.libgcc.div
                0x00000000        0x0 c:/program files (x86)/atmel/studio/7.0/toolchain/avr8/avr8-gnu-toolchain/bin/../lib/gcc/avr/5.4.0/avr5\libgcc.a(_copy_data.o)
 .text.libgcc   0x00000000        0x0 c:/program files (x86)/atmel/studio/7.0/toolchain/avr8/avr8-gnu-toolchain/bin/../lib/gcc/avr/5.4.0/avr5\libgcc.a(_copy_data.o)
 .text.libgcc.prologue
                0x00000000        0x0 c:/program files (x86)/atmel/studio/7.0/toolchain/avr8/avr8-gnu-toolchain/bin/../lib/gcc/avr/5.4.0/avr5\libgcc.a(_copy_data.o)
 .text.libgcc.builtins
                0x00000000        0x0 c:/program files (x86)/atmel/studio/7.0/toolchain/avr8/avr8-gnu-toolchain/bin/../lib/gcc/avr/5.4.0/avr5\libgcc.a(_copy_data.o)
 .text.libgcc.fmul
                0x00000000        0x0 c:/program files (x86)/atmel/studio/7.0/toolchain/avr8/avr8-gnu-toolchain/bin/../lib/gcc/avr/5.4.0/avr5\libgcc.a(_copy_data.o)
 .text.libgcc.fixed
                0x00000000        0x0 c:/program files (x86)/atmel/studio/7.0/toolchain/avr8/avr8-gnu-toolchain/bin/../lib/gcc/avr/5.4.0/avr5\libgcc.a(_copy_data.o)
 .text          0x00000000        0x0 c:/program files (x86)/atmel/studio/7.0/toolchain/avr8/avr8-gnu-toolchain/bin/../lib/gcc/avr/5.4.0/avr5\libgcc.a(_clear_bss.o)
 .data          0x00000000        0x0 c:/program files (x86)/atmel/studio/7.0/toolchain/avr8/avr8-gnu-toolchain/bin/../lib/gcc/avr/5.4.0/avr5\libgcc.a(_clear_bss.o)
 .bss           0x00000000        0x0 c:/program files (x86)/atmel/studio/7.0/toolchain/avr8/avr8-gnu-toolchain/bin/../lib/gcc/avr/5.4.0/avr5\libgcc.a(_clear_bss.o)
 .text.libgcc.mul
                0x00000000        0x0 c:/program files (x86)/atmel/studio/7.0/toolchain/avr8/avr8-gnu-toolchain/bin/../lib/gcc/avr/5.4.0/avr5\libgcc.a(_clear_bss.o)
 .text.libgcc.div
                0x00000000        0x0 c:/program files (x86)/atmel/studio/7.0/toolchain/avr8/avr8-gnu-toolchain/bin/../lib/gcc/avr/5.4.0/avr5\libgcc.a(_clear_bss.o)
 .text.libgcc   0x00000000        0x0 c:/program files (x86)/atmel/studio/7.0/toolchain/avr8/avr8-gnu-toolchain/bin/../lib/gcc/avr/5.4.0/avr5\libgcc.a(_clear_bss.o)
 .text.libgcc.prologue
                0x00000000        0x0 c:/program files (x86)/atmel/studio/7.0/toolchain/avr8/avr8-gnu-toolchain/bin/../lib/gcc/avr/5.4.0/avr5\libgcc.a(_clear_bss.o)
 .text.libgcc.builtins
                0x00000000        0x0 c:/program files (x86)/atmel/studio/7.0/toolchain/avr8/avr8-gnu-toolchain/bin/../lib/gcc/avr/5.4.0/avr5\libgcc.a(_clear_bss.o)
 .text.libgcc.fmul
                0x00000000        0x0 c:/program files (x86)/atmel/studio/7.0/toolchain/avr8/avr8-gnu-toolchain/bin/../lib/gcc/avr/5.4.0/avr5\libgcc.a(_clear_bss.o)
 .text.libgcc.fixed
                0x00000000        0x0 c:/program files (x86)/atmel/studio/7.0/toolchain/avr8/avr8-gnu-toolchain/bin/../lib/gcc/avr/5.4.0/avr5\libgcc.a(_clear_bss.o)

Memory Configuration

Name             Origin             Length             Attributes
text             0x00000000         0x00008000         xr
data             0x00800060         0x00000800         rw !x
eeprom           0x00810000         0x00000400         rw !x
fuse             0x00820000         0x00000002         rw !x
lock             0x00830000         0x00000400         rw !x
signature        0x00840000         0x00000400         rw !x
user_signatures  0x00850000         0x00000400         rw !x
*default*        0x00000000         0xffffffff

Linker script and memory map

LOAD C:/Program Files (x86)/Atmel/Studio/7.0/Packs/atmel/ATmega_DFP/1.7.374/gcc/dev/atmega32/avr5/crtatmega32.o
LOAD APP/main.o
LOAD APP/Timer.o
LOAD HAL/LED_Driver/LED.o
LOAD HAL/LED_Driver/LED_cfg.o
LOAD HAL/SSD_Driver/SSD.o
LOAD HAL/SSD_Driver/SSD_cfg.o
LOAD HAL/SWITCH_Driver/SWITCH.o
LOAD HAL/SWITCH_Driver/SWITCH_cfg.o
LOAD MCAL/DIO_Driver/DIO.o
LOAD MCAL/EXTI_Driver/EXTI.o
LOAD MCAL/PORT_Driver/PORT.o
LOAD MCAL/PORT_Driver/PORT_cfg.o
START GROUP
LOAD c:/program files (x86)/atmel/studio/7.0/toolchain/avr8/avr8-gnu-toolchain/bin/../lib/gcc/avr/5.4.0/../../../../avr/lib/avr5\libm.a
END GROUP
START GROUP
LOAD c:/program files (x86)/atmel/studio/7.0/toolchain/avr8/avr8-gnu-toolchain/bin/../lib/gcc/avr/5.4.0/avr5\libgcc.a
LOAD c:/program files (x86)/atmel/studio/7.0/toolchain/avr8/avr8-gnu-toolchain/bin/../lib/gcc/avr/5.4.0/../../../../avr/lib/avr5\libm.a
LOAD c:/program files (x86)/atmel/studio/7.0/toolchain/avr8/avr8-gnu-toolchain/bin/../lib/gcc/avr/5.4.0/../../../../avr/lib/avr5\libc.a
LOAD C:/Program Files (x86)/Atmel/Studio/7.0/Packs/atmel/ATmega_DFP/1.7.374/gcc/dev/atmega32/avr5\libatmega32.a
END GROUP
                0x00000000                __TEXT_REGION_ORIGIN__ = DEFINED (__TEXT_REGION_ORIGIN__)?__TEXT_REGION_ORIGIN__:0x0
                [0x00800060]                __DATA_REGION_ORIGIN__ = DEFINED (__DATA_REGION_ORIGIN__)?__DATA_REGION_ORIGIN__:0x800060
                [0x00008000]                __TEXT_REGION_LENGTH__ = DEFINED (__TEXT_REGION_LENGTH__)?__TEXT_REGION_LENGTH__:0x20000
                [0x00000800]                __DATA_REGION_LENGTH__ = DEFINED (__DATA_REGION_LENGTH__)?__DATA_REGION_LENGTH__:0xffa0
                [0x00000400]                __EEPROM_REGION_LENGTH__ = DEFINED (__EEPROM_REGION_LENGTH__)?__EEPROM_REGION_LENGTH__:0x10000
                [0x00000002]                __FUSE_REGION_LENGTH__ = DEFINED (__FUSE_REGION_LENGTH__)?__FUSE_REGION_LENGTH__:0x400
                0x00000400                __LOCK_REGION_LENGTH__ = DEFINED (__LOCK_REGION_LENGTH__)?__LOCK_REGION_LENGTH__:0x400
                0x00000400                __SIGNATURE_REGION_LENGTH__ = DEFINED (__SIGNATURE_REGION_LENGTH__)?__SIGNATURE_REGION_LENGTH__:0x400
                0x00000400                __USER_SIGNATURE_REGION_LENGTH__ = DEFINED (__USER_SIGNATURE_REGION_LENGTH__)?__USER_SIGNATURE_REGION_LENGTH__:0x400

.hash
 *(.hash)

.dynsym
 *(.dynsym)

.dynstr
 *(.dynstr)

.gnu.version
 *(.gnu.version)

.gnu.version_d
 *(.gnu.version_d)

.gnu.version_r
 *(.gnu.version_r)

.rel.init
 *(.rel.init)

.rela.init
 *(.rela.init)

.rel.text
 *(.rel.text)
 *(.rel.text.*)
 *(.rel.gnu.linkonce.t*)

.rela.text
 *(.rela.text)
 *(.rela.text.*)
 *(.rela.gnu.linkonce.t*)

.rel.fini
 *(.rel.fini)

.rela.fini
 *(.rela.fini)

.rel.rodata
 *(.rel.rodata)
 *(.rel.rodata.*)
 *(.rel.gnu.linkonce.r*)

.rela.rodata
 *(.rela.rodata)
 *(.rela.rodata.*)
 *(.rela.gnu.linkonce.r*)

.rel.data
 *(.rel.data)
 *(.rel.data.*)
 *(.rel.gnu.linkonce.d*)

.rela.data
 *(.rela.data)
 *(.rela.data.*)
 *(.rela.gnu.linkonce.d*)

.rel.ctors
 *(.rel.ctors)

.rela.ctors
 *(.rela.ctors)

.rel.dtors
 *(.rel.dtors)

.rela.dtors
 *(.rela.dtors)

.rel.got
 *(.rel.got)

.rela.got
 *(.rela.got)

.rel.bss
 *(.rel.bss)

.rela.bss
 *(.rela.bss)

.rel.plt
 *(.rel.plt)

.rela.plt
 *(.rela.plt)

.text           0x00000000     0x16ae
 *(.vectors)
 .vectors       0x00000000       0x54 C:/Program Files (x86)/Atmel/Studio/7.0/Packs/atmel/ATmega_DFP/1.7.374/gcc/dev/atmega32/avr5/crtatmega32.o
                0x00000000                __vector_default
                0x00000000                __vectors
 *(.vectors)
 *(.progmem.gcc*)
 .progmem.gcc_sw_table.SSD_enumSetValue
                0x00000054       0x14 HAL/SSD_Driver/SSD.o
                0x00000068                . = ALIGN (0x2)
                0x00000068                __trampolines_start = .
 *(.trampolines)
 .trampolines   0x00000068        0x0 linker stubs
 *(.trampolines*)
                0x00000068                __trampolines_end = .
 *libprintf_flt.a:*(.progmem.data)
 *libc.a:*(.progmem.data)
 *(.progmem*)
                0x00000068                . = ALIGN (0x2)
 *(.jumptables)
 *(.jumptables*)
 *(.lowtext)
 *(.lowtext*)
                0x00000068                __ctors_start = .
 *(.ctors)
                0x00000068                __ctors_end = .
                0x00000068                __dtors_start = .
 *(.dtors)
                0x00000068                __dtors_end = .
 SORT(*)(.ctors)
 SORT(*)(.dtors)
 *(.init0)
 .init0         0x00000068        0x0 C:/Program Files (x86)/Atmel/Studio/7.0/Packs/atmel/ATmega_DFP/1.7.374/gcc/dev/atmega32/avr5/crtatmega32.o
                0x00000068                __init
 *(.init0)
 *(.init1)
 *(.init1)
 *(.init2)
 .init2         0x00000068        0xc C:/Program Files (x86)/Atmel/Studio/7.0/Packs/atmel/ATmega_DFP/1.7.374/gcc/dev/atmega32/avr5/crtatmega32.o
 *(.init2)
 *(.init3)
 *(.init3)
 *(.init4)
 .init4         0x00000074       0x16 c:/program files (x86)/atmel/studio/7.0/toolchain/avr8/avr8-gnu-toolchain/bin/../lib/gcc/avr/5.4.0/avr5\libgcc.a(_copy_data.o)
                0x00000074                __do_copy_data
 .init4         0x0000008a       0x10 c:/program files (x86)/atmel/studio/7.0/toolchain/avr8/avr8-gnu-toolchain/bin/../lib/gcc/avr/5.4.0/avr5\libgcc.a(_clear_bss.o)
                0x0000008a                __do_clear_bss
 *(.init4)
 *(.init5)
 *(.init5)
 *(.init6)
 *(.init6)
 *(.init7)
 *(.init7)
 *(.init8)
 *(.init8)
 *(.init9)
 .init9         0x0000009a        0x8 C:/Program Files (x86)/Atmel/Studio/7.0/Packs/atmel/ATmega_DFP/1.7.374/gcc/dev/atmega32/avr5/crtatmega32.o
 *(.init9)
 *(.text)
 .text          0x000000a2        0x4 C:/Program Files (x86)/Atmel/Studio/7.0/Packs/atmel/ATmega_DFP/1.7.374/gcc/dev/atmega32/avr5/crtatmega32.o
                0x000000a2                __vector_12
                0x000000a2                __bad_interrupt
                0x000000a2                __vector_6
                0x000000a2                __vector_11
                0x000000a2                __vector_13
                0x000000a2                __vector_17
                0x000000a2                __vector_19
                0x000000a2                __vector_7
                0x000000a2                __vector_5
                0x000000a2                __vector_4
                0x000000a2                __vector_9
                0x000000a2                __vector_15
                0x000000a2                __vector_8
                0x000000a2                __vector_14
                0x000000a2                __vector_10
                0x000000a2                __vector_16
                0x000000a2                __vector_18
                0x000000a2                __vector_20
                0x000000a6                . = ALIGN (0x2)
 *(.text.*)
 .text.DecrementTimerEXTI0
                0x000000a6        0x6 APP/main.o
                0x000000a6                DecrementTimerEXTI0
 .text.IncrementTimerEXTI1
                0x000000ac        0x6 APP/main.o
                0x000000ac                IncrementTimerEXTI1
 .text.main     0x000000b2       0x1e APP/main.o
                0x000000b2                main
 .text.Decrement_Timer
                0x000000d0       0x8c APP/Timer.o
                0x000000d0                Decrement_Timer
 .text.Increment_Timer
                0x0000015c       0x84 APP/Timer.o
                0x0000015c                Increment_Timer
 .text.SSD_Init
                0x000001e0      0x3b6 HAL/SSD_Driver/SSD.o
                0x000001e0                SSD_Init
 .text.SSD_enumSetValue
                0x00000596      0x95c HAL/SSD_Driver/SSD.o
                0x00000596                SSD_enumSetValue
 .text.SWITCH_voidInit
                0x00000ef2       0xc6 HAL/SWITCH_Driver/SWITCH.o
                0x00000ef2                SWITCH_voidInit
 .text.SWITCH_enuReadSwitchState
                0x00000fb8       0x92 HAL/SWITCH_Driver/SWITCH.o
                0x00000fb8                SWITCH_enuReadSwitchState
 .text.DIO_enumSetPin
                0x0000104a      0x11c MCAL/DIO_Driver/DIO.o
                0x0000104a                DIO_enumSetPin
 .text.DIO_enumReadState
                0x00001166       0x8e MCAL/DIO_Driver/DIO.o
                0x00001166                DIO_enumReadState
 .text.DIO_enumSetConfig
                0x000011f4      0x374 MCAL/DIO_Driver/DIO.o
                0x000011f4                DIO_enumSetConfig
 .text.EXTI_voidInit
                0x00001568       0x2c MCAL/EXTI_Driver/EXTI.o
                0x00001568                EXTI_voidInit
 .text.EXTI0_voidSetCallBack
                0x00001594        0xa MCAL/EXTI_Driver/EXTI.o
                0x00001594                EXTI0_voidSetCallBack
 .text.EXTI1_voidSetCallBack
                0x0000159e        0xa MCAL/EXTI_Driver/EXTI.o
                0x0000159e                EXTI1_voidSetCallBack
 .text.__vector_1
                0x000015a8       0x52 MCAL/EXTI_Driver/EXTI.o
                0x000015a8                __vector_1
 .text.__vector_2
                0x000015fa       0x52 MCAL/EXTI_Driver/EXTI.o
                0x000015fa                __vector_2
 .text.__vector_3
                0x0000164c       0x52 MCAL/EXTI_Driver/EXTI.o
                0x0000164c                __vector_3
 .text.libgcc   0x0000169e        0xc c:/program files (x86)/atmel/studio/7.0/toolchain/avr8/avr8-gnu-toolchain/bin/../lib/gcc/avr/5.4.0/avr5\libgcc.a(_tablejump2.o)
                0x0000169e                __tablejump2__
                0x000016aa                . = ALIGN (0x2)
 *(.fini9)
 .fini9         0x000016aa        0x0 c:/program files (x86)/atmel/studio/7.0/toolchain/avr8/avr8-gnu-toolchain/bin/../lib/gcc/avr/5.4.0/avr5\libgcc.a(_exit.o)
                0x000016aa                _exit
                0x000016aa                exit
 *(.fini9)
 *(.fini8)
 *(.fini8)
 *(.fini7)
 *(.fini7)
 *(.fini6)
 *(.fini6)
 *(.fini5)
 *(.fini5)
 *(.fini4)
 *(.fini4)
 *(.fini3)
 *(.fini3)
 *(.fini2)
 *(.fini2)
 *(.fini1)
 *(.fini1)
 *(.fini0)
 .fini0         0x000016aa        0x4 c:/program files (x86)/atmel/studio/7.0/toolchain/avr8/avr8-gnu-toolchain/bin/../lib/gcc/avr/5.4.0/avr5\libgcc.a(_exit.o)
 *(.fini0)
                0x000016ae                _etext = .

.data           0x00800060       0x2c load address 0x000016ae
                0x00800060                PROVIDE (__data_start, .)
 *(.data)
 *(.data*)
 .data.SSD_strSegmentsArrCfg
                0x00800060       0x22 HAL/SSD_Driver/SSD_cfg.o
                0x00800060                SSD_strSegmentsArrCfg
 .data.SWITCH_strSwitchArrCfg
                0x00800082        0x9 HAL/SWITCH_Driver/SWITCH_cfg.o
                0x00800082                SWITCH_strSwitchArrCfg
 *(.gnu.linkonce.d*)
 *(.rodata)
 *(.rodata*)
 *(.gnu.linkonce.r*)
                0x0080008c                . = ALIGN (0x2)
 *fill*         0x0080008b        0x1 
                0x0080008c                _edata = .
                0x0080008c                PROVIDE (__data_end, .)

.bss            0x0080008c        0x8
                0x0080008c                PROVIDE (__bss_start, .)
 *(.bss)
 *(.bss*)
 .bss.TIMER_u8SecondSevSegcounter
                0x0080008c        0x1 APP/Timer.o
                0x0080008c                TIMER_u8SecondSevSegcounter
 .bss.TIMER_u8FirstSevSegcounter
                0x0080008d        0x1 APP/Timer.o
                0x0080008d                TIMER_u8FirstSevSegcounter
 .bss.EXTI2_ISR
                0x0080008e        0x2 MCAL/EXTI_Driver/EXTI.o
                0x0080008e                EXTI2_ISR
 .bss.EXTI1_ISR
                0x00800090        0x2 MCAL/EXTI_Driver/EXTI.o
                0x00800090                EXTI1_ISR
 .bss.EXTI0_ISR
                0x00800092        0x2 MCAL/EXTI_Driver/EXTI.o
                0x00800092                EXTI0_ISR
 *(COMMON)
                0x00800094                PROVIDE (__bss_end, .)
                0x000016ae                __data_load_start = LOADADDR (.data)
                0x000016da                __data_load_end = (__data_load_start + SIZEOF (.data))

.noinit         0x00800094        0x0
                [!provide]                PROVIDE (__noinit_start, .)
 *(.noinit*)
                [!provide]                PROVIDE (__noinit_end, .)
                0x00800094                _end = .
                [!provide]                PROVIDE (__heap_start, .)

.eeprom         0x00810000        0x0
 *(.eeprom*)
                0x00810000                __eeprom_end = .

.fuse
 *(.fuse)
 *(.lfuse)
 *(.hfuse)
 *(.efuse)

.lock
 *(.lock*)

.signature
 *(.signature*)

.user_signatures
 *(.user_signatures*)

.stab
 *(.stab)

.stabstr
 *(.stabstr)

.stab.excl
 *(.stab.excl)

.stab.exclstr
 *(.stab.exclstr)

.stab.index
 *(.stab.index)

.stab.indexstr
 *(.stab.indexstr)

.comment        0x00000000       0x30
 *(.comment)
 .comment       0x00000000       0x30 APP/main.o
                                 0x31 (size before relaxing)
 .comment       0x00000030       0x31 APP/Timer.o
 .comment       0x00000030       0x31 HAL/SSD_Driver/SSD.o
 .comment       0x00000030       0x31 HAL/SSD_Driver/SSD_cfg.o
 .comment       0x00000030       0x31 HAL/SWITCH_Driver/SWITCH.o
 .comment       0x00000030       0x31 HAL/SWITCH_Driver/SWITCH_cfg.o
 .comment       0x00000030       0x31 MCAL/DIO_Driver/DIO.o
 .comment       0x00000030       0x31 MCAL/EXTI_Driver/EXTI.o

.note.gnu.avr.deviceinfo
                0x00000000       0x3c
 .note.gnu.avr.deviceinfo
                0x00000000       0x3c C:/Program Files (x86)/Atmel/Studio/7.0/Packs/atmel/ATmega_DFP/1.7.374/gcc/dev/atmega32/avr5/crtatmega32.o

.note.gnu.build-id
 *(.note.gnu.build-id)

.debug
 *(.debug)

.line
 *(.line)

.debug_srcinfo
 *(.debug_srcinfo)

.debug_sfnames
 *(.debug_sfnames)

.debug_aranges  0x00000000      0x188
 *(.debug_aranges)
 .debug_aranges
                0x00000000       0x30 APP/main.o
 .debug_aranges
                0x00000030       0x30 APP/Timer.o
 .debug_aranges
                0x00000060       0x38 HAL/SSD_Driver/SSD.o
 .debug_aranges
                0x00000098       0x18 HAL/SSD_Driver/SSD_cfg.o
 .debug_aranges
                0x000000b0       0x28 HAL/SWITCH_Driver/SWITCH.o
 .debug_aranges
                0x000000d8       0x18 HAL/SWITCH_Driver/SWITCH_cfg.o
 .debug_aranges
                0x000000f0       0x48 MCAL/DIO_Driver/DIO.o
 .debug_aranges
                0x00000138       0x50 MCAL/EXTI_Driver/EXTI.o

.debug_pubnames
 *(.debug_pubnames)

.debug_info     0x00000000     0x2689
 *(.debug_info .gnu.linkonce.wi.*)
 .debug_info    0x00000000      0x4e6 C:/Program Files (x86)/Atmel/Studio/7.0/Packs/atmel/ATmega_DFP/1.7.374/gcc/dev/atmega32/avr5/crtatmega32.o
 .debug_info    0x000004e6      0x1a3 APP/main.o
 .debug_info    0x00000689      0x338 APP/Timer.o
 .debug_info    0x000009c1     0x108f HAL/SSD_Driver/SSD.o
 .debug_info    0x00001a50      0x1dd HAL/SSD_Driver/SSD_cfg.o
 .debug_info    0x00001c2d      0x361 HAL/SWITCH_Driver/SWITCH.o
 .debug_info    0x00001f8e      0x159 HAL/SWITCH_Driver/SWITCH_cfg.o
 .debug_info    0x000020e7      0x3f6 MCAL/DIO_Driver/DIO.o
 .debug_info    0x000024dd      0x1ac MCAL/EXTI_Driver/EXTI.o

.debug_abbrev   0x00000000      0xca5
 *(.debug_abbrev)
 .debug_abbrev  0x00000000      0x4a3 C:/Program Files (x86)/Atmel/Studio/7.0/Packs/atmel/ATmega_DFP/1.7.374/gcc/dev/atmega32/avr5/crtatmega32.o
 .debug_abbrev  0x000004a3       0xbe APP/main.o
 .debug_abbrev  0x00000561      0x136 APP/Timer.o
 .debug_abbrev  0x00000697      0x197 HAL/SSD_Driver/SSD.o
 .debug_abbrev  0x0000082e       0x8e HAL/SSD_Driver/SSD_cfg.o
 .debug_abbrev  0x000008bc      0x14a HAL/SWITCH_Driver/SWITCH.o
 .debug_abbrev  0x00000a06       0x8e HAL/SWITCH_Driver/SWITCH_cfg.o
 .debug_abbrev  0x00000a94      0x172 MCAL/DIO_Driver/DIO.o
 .debug_abbrev  0x00000c06       0x9f MCAL/EXTI_Driver/EXTI.o

.debug_line     0x00000000     0x18b8
 *(.debug_line .debug_line.* .debug_line_end)
 .debug_line    0x00000000      0x116 C:/Program Files (x86)/Atmel/Studio/7.0/Packs/atmel/ATmega_DFP/1.7.374/gcc/dev/atmega32/avr5/crtatmega32.o
 .debug_line    0x00000116       0xd7 APP/main.o
 .debug_line    0x000001ed      0x2d4 APP/Timer.o
 .debug_line    0x000004c1      0x870 HAL/SSD_Driver/SSD.o
 .debug_line    0x00000d31       0x77 HAL/SSD_Driver/SSD_cfg.o
 .debug_line    0x00000da8      0x199 HAL/SWITCH_Driver/SWITCH.o
 .debug_line    0x00000f41       0x83 HAL/SWITCH_Driver/SWITCH_cfg.o
 .debug_line    0x00000fc4      0x781 MCAL/DIO_Driver/DIO.o
 .debug_line    0x00001745      0x173 MCAL/EXTI_Driver/EXTI.o

.debug_frame    0x00000000      0x3b0
 *(.debug_frame)
 .debug_frame   0x00000000       0x44 APP/main.o
 .debug_frame   0x00000044       0x74 APP/Timer.o
 .debug_frame   0x000000b8       0xb4 HAL/SSD_Driver/SSD.o
 .debug_frame   0x0000016c       0x68 HAL/SWITCH_Driver/SWITCH.o
 .debug_frame   0x000001d4       0x80 MCAL/DIO_Driver/DIO.o
 .debug_frame   0x00000254      0x15c MCAL/EXTI_Driver/EXTI.o

.debug_str      0x00000000      0xc49
 *(.debug_str)
 .debug_str     0x00000000      0x196 C:/Program Files (x86)/Atmel/Studio/7.0/Packs/atmel/ATmega_DFP/1.7.374/gcc/dev/atmega32/avr5/crtatmega32.o
 .debug_str     0x00000196      0x215 APP/main.o
                                0x249 (size before relaxing)
 .debug_str     0x000003ab      0x145 APP/Timer.o
                                0x300 (size before relaxing)
 .debug_str     0x000004f0      0x3ae HAL/SSD_Driver/SSD.o
                                0x551 (size before relaxing)
 .debug_str     0x0000089e       0x1c HAL/SSD_Driver/SSD_cfg.o
                                0x305 (size before relaxing)
 .debug_str     0x000008ba      0x169 HAL/SWITCH_Driver/SWITCH.o
                                0x4e1 (size before relaxing)
 .debug_str     0x00000a23       0x22 HAL/SWITCH_Driver/SWITCH_cfg.o
                                0x2de (size before relaxing)
 .debug_str     0x00000a45      0x16e MCAL/DIO_Driver/DIO.o
                                0x4c4 (size before relaxing)
 .debug_str     0x00000bb3       0x96 MCAL/EXTI_Driver/EXTI.o
                                0x239 (size before relaxing)

.debug_loc      0x00000000     0x19e2
 *(.debug_loc)
 .debug_loc     0x00000000      0x1b0 APP/Timer.o
 .debug_loc     0x000001b0      0xb12 HAL/SSD_Driver/SSD.o
 .debug_loc     0x00000cc2      0x1b2 HAL/SWITCH_Driver/SWITCH.o
 .debug_loc     0x00000e74      0x8cf MCAL/DIO_Driver/DIO.o
 .debug_loc     0x00001743      0x29f MCAL/EXTI_Driver/EXTI.o

.debug_macinfo
 *(.debug_macinfo)

.debug_weaknames
 *(.debug_weaknames)

.debug_funcnames
 *(.debug_funcnames)

.debug_typenames
 *(.debug_typenames)

.debug_varnames
 *(.debug_varnames)

.debug_pubtypes
 *(.debug_pubtypes)

.debug_ranges   0x00000000      0x110
 *(.debug_ranges)
 .debug_ranges  0x00000000       0x20 APP/main.o
 .debug_ranges  0x00000020       0x20 APP/Timer.o
 .debug_ranges  0x00000040       0x40 HAL/SSD_Driver/SSD.o
 .debug_ranges  0x00000080       0x18 HAL/SWITCH_Driver/SWITCH.o
 .debug_ranges  0x00000098       0x38 MCAL/DIO_Driver/DIO.o
 .debug_ranges  0x000000d0       0x40 MCAL/EXTI_Driver/EXTI.o

.debug_macro
 *(.debug_macro)
OUTPUT(ExternalInterrupt.elf elf32-avr)
LOAD linker stubs
